// Jest Snapshot v1, https://goo.gl/fbAQLP

exports[`renders correctly 1`] = `
<div>
  <div
    className="navbar"
  >
    <h1>
      Math Magicians
    </h1>
    <nav>
      <ul
        className="menu"
      >
        <li>
          <a
            aria-current="page"
            className="active"
            href="/"
            onClick={[Function]}
          >
            Home
          </a>
        </li>
        <li>
          <a
            className=""
            href="/calculator"
            onClick={[Function]}
          >
            Calculator
          </a>
        </li>
        <li>
          <a
            className=""
            href="/quote"
            onClick={[Function]}
          >
            Quote
          </a>
        </li>
      </ul>
    </nav>
  </div>
</div>
`;
