// Jest Snapshot v1, https://goo.gl/fbAQLP

exports[`api fetch works 1`] = `undefined`;
